Analyzing visiaxx-main...

  error - lib\features\comprehensive_test\screens\mobile_refractometry_quick_result_screen.dart:1032:28 - Invalid constant value. - invalid_constant
  error - lib\features\home\screens\profile_screen.dart:749:22 - Invalid constant value. - invalid_constant
warning - lib\core\services\test_result_service.dart:416:27 - The declaration '_loadPrescriptionForResult' isn't referenced. Try removing the declaration of '_loadPrescriptionForResult'. - unused_element
warning - lib\features\practitioner\screens\practitioner_dashboard_screen.dart:557:10 - The declaration '_getPrimaryCondition' isn't referenced. Try removing the declaration of '_getPrimaryCondition'. - unused_element
warning - lib\features\practitioner\screens\practitioner_dashboard_screen.dart:2094:10 - The declaration '_getPeriodFolderName' isn't referenced. Try removing the declaration of '_getPeriodFolderName'. - unused_element
warning - lib\features\practitioner\screens\practitioner_home_screen.dart:3:8 - Unused import: '../../../core/constants/app_colors.dart'. Try removing the import directive. - unused_import
warning - lib\features\practitioner\screens\practitioner_home_screen.dart:18:14 - The value of the field '_user' isn't used. Try removing the field, or using it. - unused_field
warning - lib\features\quick_vision_test\screens\color_vision_test_screen.dart:1026:10 - The declaration '_buildInfoCard' isn't referenced. Try removing the declaration of '_buildInfoCard'. - unused_element
warning - lib\features\results\screens\my_results_screen.dart:3:8 - Unused import: 'package:provider/provider.dart'. Try removing the import directive. - unused_import
warning - lib\features\results\screens\my_results_screen.dart:7:8 - Unused import: '../../../core/providers/network_connectivity_provider.dart'. Try removing the import directive. - unused_import
warning - lib\features\results\screens\my_results_screen.dart:12:8 - Unused import: 'package:http/http.dart'. Try removing the import directive. - unused_import
warning - lib\features\results\screens\my_results_screen.dart:13:8 - Unused import: 'package:path_provider/path_provider.dart'. Try removing the import directive. - unused_import
warning - lib\main.dart:35:8 - Unused import: 'features/practitioner/screens/practitioner_home_screen.dart'. Try removing the import directive. - unused_import
   info - lib\core\providers\theme_provider.dart:67:41 - 'value' is deprecated and shouldn't be used. Use component accessors like .r or .g, or toARGB32 for an explicit conversion. Try replacing the use of the deprecated member with the replacement. - deprecated_member_use
   info - lib\core\services\dashboard_cache_service.dart:40:51 - Unnecessary braces in a string interpolation. Try removing the braces. - unnecessary_brace_in_string_interps
   info - lib\core\widgets\premium_dropdown.dart:113:55 - 'withOpacity' is deprecated and shouldn't be used. Use .withValues() to avoid precision loss. Try replacing the use of the deprecated member with the replacement. - deprecated_member_use
   info - lib\core\widgets\premium_dropdown.dart:114:58 - 'withOpacity' is deprecated and shouldn't be used. Use .withValues() to avoid precision loss. Try replacing the use of the deprecated member with the replacement. - deprecated_member_use
   info - lib\core\widgets\premium_dropdown.dart:119:56 - 'withOpacity' is deprecated and shouldn't be used. Use .withValues() to avoid precision loss. Try replacing the use of the deprecated member with the replacement. - deprecated_member_use
   info - lib\core\widgets\premium_dropdown.dart:228:43 - The null check operator shouldn't be used on a variable whose type is a potentially nullable type parameter. Try explicitly testing for 'null'. - null_check_on_nullable_type_parameter
   info - lib\features\comprehensive_test\screens\mobile_refractometry_test_screen.dart:597:7 - Statements in an if should be enclosed in a block. Try wrapping the statement in a block. - curly_braces_in_flow_control_structures
   info - lib\features\home\screens\home_screen.dart:453:46 - 'withOpacity' is deprecated and shouldn't be used. Use .withValues() to avoid precision loss. Try replacing the use of the deprecated member with the replacement. - deprecated_member_use
   info - lib\features\home\screens\home_screen.dart:458:48 - 'withOpacity' is deprecated and shouldn't be used. Use .withValues() to avoid precision loss. Try replacing the use of the deprecated member with the replacement. - deprecated_member_use
   info - lib\features\home\screens\home_screen.dart:480:51 - 'withOpacity' is deprecated and shouldn't be used. Use .withValues() to avoid precision loss. Try replacing the use of the deprecated member with the replacement. - deprecated_member_use
   info - lib\features\home\screens\home_screen.dart:481:51 - 'withOpacity' is deprecated and shouldn't be used. Use .withValues() to avoid precision loss. Try replacing the use of the deprecated member with the replacement. - deprecated_member_use
   info - lib\features\home\screens\home_screen.dart:497:56 - 'withOpacity' is deprecated and shouldn't be used. Use .withValues() to avoid precision loss. Try replacing the use of the deprecated member with the replacement. - deprecated_member_use
   info - lib\features\home\screens\home_screen.dart:498:56 - 'withOpacity' is deprecated and shouldn't be used. Use .withValues() to avoid precision loss. Try replacing the use of the deprecated member with the replacement. - deprecated_member_use
   info - lib\features\home\screens\settings_screen.dart:688:48 - 'value' is deprecated and shouldn't be used. Use component accessors like .r or .g, or toARGB32 for an explicit conversion. Try replacing the use of the deprecated member with the replacement. - deprecated_member_use
   info - lib\features\home\screens\settings_screen.dart:688:63 - 'value' is deprecated and shouldn't be used. Use component accessors like .r or .g, or toARGB32 for an explicit conversion. Try replacing the use of the deprecated member with the replacement. - deprecated_member_use
   info - lib\features\practitioner\screens\add_patient_questionnaire_screen.dart:434:27 - Don't use 'BuildContext's across async gaps, guarded by an unrelated 'mounted' check. Guard a 'State.context' use with a 'mounted' check on the State, and other BuildContext use with a 'mounted' check on the BuildContext. - use_build_context_synchronously
   info - lib\features\practitioner\screens\practitioner_dashboard_screen.dart:1536:29 - 'WillPopScope' is deprecated and shouldn't be used. Use PopScope instead. The Android predictive back feature will not work with WillPopScope. This feature was deprecated after v3.12.0-1.0.pre. Try replacing the use of the deprecated member with the replacement. - deprecated_member_use
   info - lib\features\practitioner\screens\practitioner_individual_tests_screen.dart:214:44 - 'withOpacity' is deprecated and shouldn't be used. Use .withValues() to avoid precision loss. Try replacing the use of the deprecated member with the replacement. - deprecated_member_use
   info - lib\features\practitioner\screens\practitioner_individual_tests_screen.dart:215:47 - 'withOpacity' is deprecated and shouldn't be used. Use .withValues() to avoid precision loss. Try replacing the use of the deprecated member with the replacement. - deprecated_member_use
   info - lib\features\practitioner\screens\practitioner_individual_tests_screen.dart:222:39 - 'withOpacity' is deprecated and shouldn't be used. Use .withValues() to avoid precision loss. Try replacing the use of the deprecated member with the replacement. - deprecated_member_use
   info - lib\features\practitioner\screens\practitioner_individual_tests_screen.dart:223:44 - 'withOpacity' is deprecated and shouldn't be used. Use .withValues() to avoid precision loss. Try replacing the use of the deprecated member with the replacement. - deprecated_member_use
   info - lib\features\practitioner\screens\practitioner_individual_tests_screen.dart:228:44 - 'withOpacity' is deprecated and shouldn't be used. Use .withValues() to avoid precision loss. Try replacing the use of the deprecated member with the replacement. - deprecated_member_use
   info - lib\features\practitioner\screens\practitioner_individual_tests_screen.dart:233:46 - 'withOpacity' is deprecated and shouldn't be used. Use .withValues() to avoid precision loss. Try replacing the use of the deprecated member with the replacement. - deprecated_member_use
   info - lib\features\practitioner\screens\practitioner_individual_tests_screen.dart:296:50 - 'withOpacity' is deprecated and shouldn't be used. Use .withValues() to avoid precision loss. Try replacing the use of the deprecated member with the replacement. - deprecated_member_use
   info - lib\features\practitioner\screens\practitioner_profile_selection_screen.dart:932:26 - Use a 'SizedBox' to add whitespace to a layout. Try using a 'SizedBox' rather than a 'Container'. - sized_box_for_whitespace
   info - lib\features\quick_vision_test\screens\questionnaire_screen.dart:1173:48 - 'withOpacity' is deprecated and shouldn't be used. Use .withValues() to avoid precision loss. Try replacing the use of the deprecated member with the replacement. - deprecated_member_use
   info - lib\features\quick_vision_test\screens\questionnaire_screen.dart:1179:57 - 'withOpacity' is deprecated and shouldn't be used. Use .withValues() to avoid precision loss. Try replacing the use of the deprecated member with the replacement. - deprecated_member_use
   info - lib\features\quick_vision_test\screens\questionnaire_screen.dart:1185:63 - 'withOpacity' is deprecated and shouldn't be used. Use .withValues() to avoid precision loss. Try replacing the use of the deprecated member with the replacement. - deprecated_member_use
   info - lib\features\quick_vision_test\screens\questionnaire_screen.dart:1192:63 - 'withOpacity' is deprecated and shouldn't be used. Use .withValues() to avoid precision loss. Try replacing the use of the deprecated member with the replacement. - deprecated_member_use
   info - lib\features\quick_vision_test\screens\questionnaire_screen.dart:1215:62 - 'withOpacity' is deprecated and shouldn't be used. Use .withValues() to avoid precision loss. Try replacing the use of the deprecated member with the replacement. - deprecated_member_use
   info - lib\features\quick_vision_test\screens\questionnaire_screen.dart:1222:50 - 'withOpacity' is deprecated and shouldn't be used. Use .withValues() to avoid precision loss. Try replacing the use of the deprecated member with the replacement. - deprecated_member_use
   info - lib\features\quick_vision_test\screens\questionnaire_screen.dart:1360:60 - 'withOpacity' is deprecated and shouldn't be used. Use .withValues() to avoid precision loss. Try replacing the use of the deprecated member with the replacement. - deprecated_member_use
   info - lib\features\quick_vision_test\screens\questionnaire_screen.dart:1368:46 - 'withOpacity' is deprecated and shouldn't be used. Use .withValues() to avoid precision loss. Try replacing the use of the deprecated member with the replacement. - deprecated_member_use
   info - lib\features\quick_vision_test\screens\questionnaire_screen.dart:1416:54 - 'withOpacity' is deprecated and shouldn't be used. Use .withValues() to avoid precision loss. Try replacing the use of the deprecated member with the replacement. - deprecated_member_use
   info - lib\features\quick_vision_test\screens\questionnaire_screen.dart:1422:63 - 'withOpacity' is deprecated and shouldn't be used. Use .withValues() to avoid precision loss. Try replacing the use of the deprecated member with the replacement. - deprecated_member_use
   info - lib\features\quick_vision_test\screens\questionnaire_screen.dart:1461:48 - 'withOpacity' is deprecated and shouldn't be used. Use .withValues() to avoid precision loss. Try replacing the use of the deprecated member with the replacement. - deprecated_member_use
   info - lib\features\quick_vision_test\screens\questionnaire_screen.dart:1467:50 - 'withOpacity' is deprecated and shouldn't be used. Use .withValues() to avoid precision loss. Try replacing the use of the deprecated member with the replacement. - deprecated_member_use
   info - lib\features\quick_vision_test\screens\questionnaire_screen.dart:1468:56 - 'withOpacity' is deprecated and shouldn't be used. Use .withValues() to avoid precision loss. Try replacing the use of the deprecated member with the replacement. - deprecated_member_use
   info - lib\features\quick_vision_test\screens\questionnaire_screen.dart:1513:57 - 'withOpacity' is deprecated and shouldn't be used. Use .withValues() to avoid precision loss. Try replacing the use of the deprecated member with the replacement. - deprecated_member_use
   info - lib\features\quick_vision_test\screens\questionnaire_screen.dart:1516:59 - 'withOpacity' is deprecated and shouldn't be used. Use .withValues() to avoid precision loss. Try replacing the use of the deprecated member with the replacement. - deprecated_member_use

53 issues found.
